2025-04-01T11:40:51.789+05:30  INFO 25315 --- [user] [main] com.btidab.user.UserApplication          : Starting UserApplication using Java 21.0.6 with PID 25315 (/home/chiranshu/eclipse-workspace/SpringBoot/user/target/classes started by chiranshu in /home/chiranshu/eclipse-workspace/SpringBoot/user)
2025-04-01T11:40:51.791+05:30  INFO 25315 --- [user] [main] com.btidab.user.UserApplication          : No active profile set, falling back to 1 default profile: "default"
2025-04-01T11:40:52.171+05:30  INFO 25315 --- [user] [main] .s.d.r.c.RepositoryConfigurationDelegate : Bootstrapping Spring Data JPA repositories in DEFAULT mode.
2025-04-01T11:40:52.216+05:30  INFO 25315 --- [user] [main] .s.d.r.c.RepositoryConfigurationDelegate : Finished Spring Data repository scanning in 40 ms. Found 2 JPA repository interfaces.
2025-04-01T11:40:52.581+05:30  INFO 25315 --- [user] [main] o.s.b.w.embedded.tomcat.TomcatWebServer  : Tomcat initialized with port 8080 (http)
2025-04-01T11:40:52.593+05:30  INFO 25315 --- [user] [main] o.apache.catalina.core.StandardService   : Starting service [Tomcat]
2025-04-01T11:40:52.593+05:30  INFO 25315 --- [user] [main] o.apache.catalina.core.StandardEngine    : Starting Servlet engine: [Apache Tomcat/10.1.26]
2025-04-01T11:40:52.646+05:30  INFO 25315 --- [user] [main] o.a.c.c.C.[Tomcat].[localhost].[/]       : Initializing Spring embedded WebApplicationContext
2025-04-01T11:40:52.646+05:30  INFO 25315 --- [user] [main] w.s.c.ServletWebServerApplicationContext : Root WebApplicationContext: initialization completed in 828 ms
2025-04-01T11:40:52.771+05:30  INFO 25315 --- [user] [main] o.hibernate.jpa.internal.util.LogHelper  : HHH000204: Processing PersistenceUnitInfo [name: default]
2025-04-01T11:40:52.804+05:30  INFO 25315 --- [user] [main] org.hibernate.Version                    : HHH000412: Hibernate ORM core version 6.5.2.Final
2025-04-01T11:40:52.825+05:30  INFO 25315 --- [user] [main] o.h.c.internal.RegionFactoryInitiator    : HHH000026: Second-level cache disabled
2025-04-01T11:40:53.009+05:30  INFO 25315 --- [user] [main] o.s.o.j.p.SpringPersistenceUnitInfo      : No LoadTimeWeaver setup: ignoring JPA class transformer
2025-04-01T11:40:53.025+05:30  INFO 25315 --- [user] [main] com.zaxxer.hikari.HikariDataSource       : HikariPool-1 - Starting...
2025-04-01T11:40:53.248+05:30  INFO 25315 --- [user] [main] com.zaxxer.hikari.pool.HikariPool        : HikariPool-1 - Added connection com.mysql.cj.jdbc.ConnectionImpl@20dd5870
2025-04-01T11:40:53.250+05:30  INFO 25315 --- [user] [main] com.zaxxer.hikari.HikariDataSource       : HikariPool-1 - Start completed.
2025-04-01T11:40:53.277+05:30  WARN 25315 --- [user] [main] org.hibernate.orm.deprecation            : HHH90000025: MySQL8Dialect does not need to be specified explicitly using 'hibernate.dialect' (remove the property setting and it will be selected by default)
2025-04-01T11:40:53.278+05:30  WARN 25315 --- [user] [main] org.hibernate.orm.deprecation            : HHH90000026: MySQL8Dialect has been deprecated; use org.hibernate.dialect.MySQLDialect instead
2025-04-01T11:40:53.706+05:30  INFO 25315 --- [user] [main] o.h.e.t.j.p.i.JtaPlatformInitiator       : HHH000489: No JTA platform available (set 'hibernate.transaction.jta.platform' to enable JTA platform integration)
2025-04-01T11:40:53.732+05:30  INFO 25315 --- [user] [main] j.LocalContainerEntityManagerFactoryBean : Initialized JPA EntityManagerFactory for persistence unit 'default'
2025-04-01T11:40:53.918+05:30  WARN 25315 --- [user] [main] JpaBaseConfiguration$JpaWebConfiguration : spring.jpa.open-in-view is enabled by default. Therefore, database queries may be performed during view rendering. Explicitly configure spring.jpa.open-in-view to disable this warning
2025-04-01T11:40:54.153+05:30  WARN 25315 --- [user] [main] .s.s.UserDetailsServiceAutoConfiguration : 

Using generated security password: 85f08b30-5e15-4c66-b8b2-6c632e14b0c1

This generated password is for development use only. Your security configuration must be updated before running your application in production.

2025-04-01T11:40:54.162+05:30  INFO 25315 --- [user] [main] r$InitializeUserDetailsManagerConfigurer : Global AuthenticationManager configured with UserDetailsService bean with name inMemoryUserDetailsManager
2025-04-01T11:40:54.259+05:30  WARN 25315 --- [user] [main] ConfigServletWebServerApplicationContext : Exception encountered during context initialization - cancelling refresh attempt: org.springframework.context.ApplicationContextException: Failed to start bean 'webServerStartStop'
2025-04-01T11:40:54.260+05:30  INFO 25315 --- [user] [main] j.LocalContainerEntityManagerFactoryBean : Closing JPA EntityManagerFactory for persistence unit 'default'
2025-04-01T11:40:54.263+05:30  INFO 25315 --- [user] [main] com.zaxxer.hikari.HikariDataSource       : HikariPool-1 - Shutdown initiated...
2025-04-01T11:40:54.268+05:30  INFO 25315 --- [user] [main] com.zaxxer.hikari.HikariDataSource       : HikariPool-1 - Shutdown completed.
2025-04-01T11:40:54.278+05:30  INFO 25315 --- [user] [main] .s.b.a.l.ConditionEvaluationReportLogger : 

Error starting ApplicationContext. To display the condition evaluation report re-run your application with 'debug' enabled.
2025-04-01T11:40:54.289+05:30 ERROR 25315 --- [user] [main] o.s.b.d.LoggingFailureAnalysisReporter   : 

***************************
APPLICATION FAILED TO START
***************************

Description:

Web server failed to start. Port 8080 was already in use.

Action:

Identify and stop the process that's listening on port 8080 or configure this application to listen on another port.

2025-04-01T11:41:08.044+05:30  INFO 25382 --- [user] [main] com.btidab.user.UserApplication          : Starting UserApplication using Java 21.0.6 with PID 25382 (/home/chiranshu/eclipse-workspace/SpringBoot/user/target/classes started by chiranshu in /home/chiranshu/eclipse-workspace/SpringBoot/user)
2025-04-01T11:41:08.045+05:30  INFO 25382 --- [user] [main] com.btidab.user.UserApplication          : No active profile set, falling back to 1 default profile: "default"
2025-04-01T11:41:08.412+05:30  INFO 25382 --- [user] [main] .s.d.r.c.RepositoryConfigurationDelegate : Bootstrapping Spring Data JPA repositories in DEFAULT mode.
2025-04-01T11:41:08.461+05:30  INFO 25382 --- [user] [main] .s.d.r.c.RepositoryConfigurationDelegate : Finished Spring Data repository scanning in 43 ms. Found 2 JPA repository interfaces.
2025-04-01T11:41:08.855+05:30  INFO 25382 --- [user] [main] o.s.b.w.embedded.tomcat.TomcatWebServer  : Tomcat initialized with port 8080 (http)
2025-04-01T11:41:08.864+05:30  INFO 25382 --- [user] [main] o.apache.catalina.core.StandardService   : Starting service [Tomcat]
2025-04-01T11:41:08.864+05:30  INFO 25382 --- [user] [main] o.apache.catalina.core.StandardEngine    : Starting Servlet engine: [Apache Tomcat/10.1.26]
2025-04-01T11:41:08.896+05:30  INFO 25382 --- [user] [main] o.a.c.c.C.[Tomcat].[localhost].[/]       : Initializing Spring embedded WebApplicationContext
2025-04-01T11:41:08.896+05:30  INFO 25382 --- [user] [main] w.s.c.ServletWebServerApplicationContext : Root WebApplicationContext: initialization completed in 825 ms
2025-04-01T11:41:09.011+05:30  INFO 25382 --- [user] [main] o.hibernate.jpa.internal.util.LogHelper  : HHH000204: Processing PersistenceUnitInfo [name: default]
2025-04-01T11:41:09.043+05:30  INFO 25382 --- [user] [main] org.hibernate.Version                    : HHH000412: Hibernate ORM core version 6.5.2.Final
2025-04-01T11:41:09.063+05:30  INFO 25382 --- [user] [main] o.h.c.internal.RegionFactoryInitiator    : HHH000026: Second-level cache disabled
2025-04-01T11:41:09.264+05:30  INFO 25382 --- [user] [main] o.s.o.j.p.SpringPersistenceUnitInfo      : No LoadTimeWeaver setup: ignoring JPA class transformer
2025-04-01T11:41:09.289+05:30  INFO 25382 --- [user] [main] com.zaxxer.hikari.HikariDataSource       : HikariPool-1 - Starting...
2025-04-01T11:41:09.525+05:30  INFO 25382 --- [user] [main] com.zaxxer.hikari.pool.HikariPool        : HikariPool-1 - Added connection com.mysql.cj.jdbc.ConnectionImpl@485451d8
2025-04-01T11:41:09.527+05:30  INFO 25382 --- [user] [main] com.zaxxer.hikari.HikariDataSource       : HikariPool-1 - Start completed.
2025-04-01T11:41:09.553+05:30  WARN 25382 --- [user] [main] org.hibernate.orm.deprecation            : HHH90000025: MySQL8Dialect does not need to be specified explicitly using 'hibernate.dialect' (remove the property setting and it will be selected by default)
2025-04-01T11:41:09.554+05:30  WARN 25382 --- [user] [main] org.hibernate.orm.deprecation            : HHH90000026: MySQL8Dialect has been deprecated; use org.hibernate.dialect.MySQLDialect instead
2025-04-01T11:41:09.994+05:30  INFO 25382 --- [user] [main] o.h.e.t.j.p.i.JtaPlatformInitiator       : HHH000489: No JTA platform available (set 'hibernate.transaction.jta.platform' to enable JTA platform integration)
2025-04-01T11:41:10.020+05:30  INFO 25382 --- [user] [main] j.LocalContainerEntityManagerFactoryBean : Initialized JPA EntityManagerFactory for persistence unit 'default'
2025-04-01T11:41:10.205+05:30  WARN 25382 --- [user] [main] JpaBaseConfiguration$JpaWebConfiguration : spring.jpa.open-in-view is enabled by default. Therefore, database queries may be performed during view rendering. Explicitly configure spring.jpa.open-in-view to disable this warning
2025-04-01T11:41:10.422+05:30  WARN 25382 --- [user] [main] .s.s.UserDetailsServiceAutoConfiguration : 

Using generated security password: 79ffc871-2a8e-45fb-a18e-a226ef3c7f88

This generated password is for development use only. Your security configuration must be updated before running your application in production.

2025-04-01T11:41:10.431+05:30  INFO 25382 --- [user] [main] r$InitializeUserDetailsManagerConfigurer : Global AuthenticationManager configured with UserDetailsService bean with name inMemoryUserDetailsManager
2025-04-01T11:41:10.533+05:30  INFO 25382 --- [user] [main] o.s.b.w.embedded.tomcat.TomcatWebServer  : Tomcat started on port 8080 (http) with context path '/'
2025-04-01T11:41:10.541+05:30  INFO 25382 --- [user] [main] com.btidab.user.UserApplication          : Started UserApplication in 2.753 seconds (process running for 2.933)
2025-04-01T11:41:34.252+05:30  INFO 25382 --- [user] [http-nio-8080-exec-2] o.a.c.c.C.[Tomcat].[localhost].[/]       : Initializing Spring DispatcherServlet 'dispatcherServlet'
2025-04-01T11:41:34.252+05:30  INFO 25382 --- [user] [http-nio-8080-exec-2] o.s.web.servlet.DispatcherServlet        : Initializing Servlet 'dispatcherServlet'
2025-04-01T11:41:34.253+05:30  INFO 25382 --- [user] [http-nio-8080-exec-2] o.s.web.servlet.DispatcherServlet        : Completed initialization in 1 ms
2025-04-01T11:41:34.408+05:30  INFO 25382 --- [user] [http-nio-8080-exec-2] c.btidab.user.controller.UserController  : getalluser executed successfully
2025-04-01T11:41:34.408+05:30  INFO 25382 --- [user] [http-nio-8080-exec-2] com.btidab.user.service.StatService      : creating or checking if Stat data is present
2025-04-01T11:41:34.472+05:30  INFO 25382 --- [user] [http-nio-8080-exec-2] com.btidab.user.service.StatService      : saving stats data into database
2025-04-01T11:41:34.472+05:30  INFO 25382 --- [user] [http-nio-8080-exec-2] com.btidab.user.service.StatService      : getall incremented, count 7
2025-04-01T11:41:34.472+05:30  INFO 25382 --- [user] [http-nio-8080-exec-2] com.btidab.user.service.StatService      : creating or checking if Stat data is present
2025-04-01T11:41:34.477+05:30  INFO 25382 --- [user] [http-nio-8080-exec-2] com.btidab.user.service.StatService      : saving stats data into database
2025-04-01T11:41:34.478+05:30  INFO 25382 --- [user] [http-nio-8080-exec-2] com.btidab.user.service.StatService      : getall incremented, count 8
2025-04-01T11:41:34.478+05:30  INFO 25382 --- [user] [http-nio-8080-exec-2] com.btidab.user.service.UserService      : retreived alluser data
2025-04-01T11:41:35.316+05:30  INFO 25382 --- [user] [http-nio-8080-exec-4] c.btidab.user.controller.UserController  : getalluser executed successfully
2025-04-01T11:41:35.316+05:30  INFO 25382 --- [user] [http-nio-8080-exec-4] com.btidab.user.service.StatService      : creating or checking if Stat data is present
2025-04-01T11:41:35.322+05:30  INFO 25382 --- [user] [http-nio-8080-exec-4] com.btidab.user.service.StatService      : saving stats data into database
2025-04-01T11:41:35.322+05:30  INFO 25382 --- [user] [http-nio-8080-exec-4] com.btidab.user.service.StatService      : getall incremented, count 9
2025-04-01T11:41:35.323+05:30  INFO 25382 --- [user] [http-nio-8080-exec-4] com.btidab.user.service.StatService      : creating or checking if Stat data is present
2025-04-01T11:41:35.327+05:30  INFO 25382 --- [user] [http-nio-8080-exec-4] com.btidab.user.service.StatService      : saving stats data into database
2025-04-01T11:41:35.327+05:30  INFO 25382 --- [user] [http-nio-8080-exec-4] com.btidab.user.service.StatService      : getall incremented, count 10
2025-04-01T11:41:35.327+05:30  INFO 25382 --- [user] [http-nio-8080-exec-4] com.btidab.user.service.UserService      : retreived alluser data
2025-04-01T11:41:55.070+05:30  INFO 25382 --- [user] [http-nio-8080-exec-6] c.btidab.user.controller.UserController  : getalluser executed successfully
2025-04-01T11:41:55.071+05:30  INFO 25382 --- [user] [http-nio-8080-exec-6] com.btidab.user.service.StatService      : creating or checking if Stat data is present
2025-04-01T11:41:55.088+05:30  INFO 25382 --- [user] [http-nio-8080-exec-6] com.btidab.user.service.StatService      : saving stats data into database
2025-04-01T11:41:55.088+05:30  INFO 25382 --- [user] [http-nio-8080-exec-6] com.btidab.user.service.StatService      : getall incremented, count 11
2025-04-01T11:41:55.088+05:30  INFO 25382 --- [user] [http-nio-8080-exec-6] com.btidab.user.service.StatService      : creating or checking if Stat data is present
2025-04-01T11:41:55.096+05:30  INFO 25382 --- [user] [http-nio-8080-exec-6] com.btidab.user.service.StatService      : saving stats data into database
2025-04-01T11:41:55.096+05:30  INFO 25382 --- [user] [http-nio-8080-exec-6] com.btidab.user.service.StatService      : getall incremented, count 12
2025-04-01T11:41:55.096+05:30  INFO 25382 --- [user] [http-nio-8080-exec-6] com.btidab.user.service.UserService      : retreived alluser data
2025-04-01T11:48:42.820+05:30  INFO 25382 --- [user] [SpringApplicationShutdownHook] j.LocalContainerEntityManagerFactoryBean : Closing JPA EntityManagerFactory for persistence unit 'default'
2025-04-01T11:48:42.821+05:30  INFO 25382 --- [user] [SpringApplicationShutdownHook] com.zaxxer.hikari.HikariDataSource       : HikariPool-1 - Shutdown initiated...
2025-04-01T11:48:42.825+05:30  INFO 25382 --- [user] [SpringApplicationShutdownHook] com.zaxxer.hikari.HikariDataSource       : HikariPool-1 - Shutdown completed.
2025-04-01T11:48:53.595+05:30  INFO 26074 --- [user] [main] com.btidab.user.UserApplication          : Starting UserApplication using Java 21.0.6 with PID 26074 (/home/chiranshu/eclipse-workspace/SpringBoot/user/target/classes started by chiranshu in /home/chiranshu/eclipse-workspace/SpringBoot/user)
2025-04-01T11:48:53.597+05:30  INFO 26074 --- [user] [main] com.btidab.user.UserApplication          : No active profile set, falling back to 1 default profile: "default"
2025-04-01T11:48:54.055+05:30  INFO 26074 --- [user] [main] .s.d.r.c.RepositoryConfigurationDelegate : Bootstrapping Spring Data JPA repositories in DEFAULT mode.
2025-04-01T11:48:54.111+05:30  INFO 26074 --- [user] [main] .s.d.r.c.RepositoryConfigurationDelegate : Finished Spring Data repository scanning in 50 ms. Found 2 JPA repository interfaces.
2025-04-01T11:48:54.558+05:30  INFO 26074 --- [user] [main] o.s.b.w.embedded.tomcat.TomcatWebServer  : Tomcat initialized with port 8080 (http)
2025-04-01T11:48:54.567+05:30  INFO 26074 --- [user] [main] o.apache.catalina.core.StandardService   : Starting service [Tomcat]
2025-04-01T11:48:54.568+05:30  INFO 26074 --- [user] [main] o.apache.catalina.core.StandardEngine    : Starting Servlet engine: [Apache Tomcat/10.1.26]
2025-04-01T11:48:54.621+05:30  INFO 26074 --- [user] [main] o.a.c.c.C.[Tomcat].[localhost].[/]       : Initializing Spring embedded WebApplicationContext
2025-04-01T11:48:54.621+05:30  INFO 26074 --- [user] [main] w.s.c.ServletWebServerApplicationContext : Root WebApplicationContext: initialization completed in 994 ms
2025-04-01T11:48:54.784+05:30  INFO 26074 --- [user] [main] o.hibernate.jpa.internal.util.LogHelper  : HHH000204: Processing PersistenceUnitInfo [name: default]
2025-04-01T11:48:54.817+05:30  INFO 26074 --- [user] [main] org.hibernate.Version                    : HHH000412: Hibernate ORM core version 6.5.2.Final
2025-04-01T11:48:54.839+05:30  INFO 26074 --- [user] [main] o.h.c.internal.RegionFactoryInitiator    : HHH000026: Second-level cache disabled
2025-04-01T11:48:55.023+05:30  INFO 26074 --- [user] [main] o.s.o.j.p.SpringPersistenceUnitInfo      : No LoadTimeWeaver setup: ignoring JPA class transformer
2025-04-01T11:48:55.040+05:30  INFO 26074 --- [user] [main] com.zaxxer.hikari.HikariDataSource       : HikariPool-1 - Starting...
2025-04-01T11:48:55.255+05:30  INFO 26074 --- [user] [main] com.zaxxer.hikari.pool.HikariPool        : HikariPool-1 - Added connection com.mysql.cj.jdbc.ConnectionImpl@7d088813
2025-04-01T11:48:55.256+05:30  INFO 26074 --- [user] [main] com.zaxxer.hikari.HikariDataSource       : HikariPool-1 - Start completed.
2025-04-01T11:48:55.281+05:30  WARN 26074 --- [user] [main] org.hibernate.orm.deprecation            : HHH90000025: MySQL8Dialect does not need to be specified explicitly using 'hibernate.dialect' (remove the property setting and it will be selected by default)
2025-04-01T11:48:55.282+05:30  WARN 26074 --- [user] [main] org.hibernate.orm.deprecation            : HHH90000026: MySQL8Dialect has been deprecated; use org.hibernate.dialect.MySQLDialect instead
2025-04-01T11:48:55.729+05:30  INFO 26074 --- [user] [main] o.h.e.t.j.p.i.JtaPlatformInitiator       : HHH000489: No JTA platform available (set 'hibernate.transaction.jta.platform' to enable JTA platform integration)
2025-04-01T11:48:55.758+05:30  INFO 26074 --- [user] [main] j.LocalContainerEntityManagerFactoryBean : Initialized JPA EntityManagerFactory for persistence unit 'default'
2025-04-01T11:48:55.988+05:30  WARN 26074 --- [user] [main] JpaBaseConfiguration$JpaWebConfiguration : spring.jpa.open-in-view is enabled by default. Therefore, database queries may be performed during view rendering. Explicitly configure spring.jpa.open-in-view to disable this warning
2025-04-01T11:48:56.263+05:30  INFO 26074 --- [user] [main] r$InitializeUserDetailsManagerConfigurer : Global AuthenticationManager configured with UserDetailsService bean with name inMemoryUserDetailsManager
2025-04-01T11:48:56.380+05:30  INFO 26074 --- [user] [main] o.s.b.w.embedded.tomcat.TomcatWebServer  : Tomcat started on port 8080 (http) with context path '/'
2025-04-01T11:48:56.388+05:30  INFO 26074 --- [user] [main] com.btidab.user.UserApplication          : Started UserApplication in 3.041 seconds (process running for 3.217)
2025-04-01T11:49:03.462+05:30  INFO 26074 --- [user] [http-nio-8080-exec-2] o.a.c.c.C.[Tomcat].[localhost].[/]       : Initializing Spring DispatcherServlet 'dispatcherServlet'
2025-04-01T11:49:03.463+05:30  INFO 26074 --- [user] [http-nio-8080-exec-2] o.s.web.servlet.DispatcherServlet        : Initializing Servlet 'dispatcherServlet'
2025-04-01T11:49:03.464+05:30  INFO 26074 --- [user] [http-nio-8080-exec-2] o.s.web.servlet.DispatcherServlet        : Completed initialization in 1 ms
2025-04-01T11:49:13.367+05:30  INFO 26074 --- [user] [http-nio-8080-exec-3] c.btidab.user.controller.UserController  : getalluser executed successfully
2025-04-01T11:49:13.367+05:30  INFO 26074 --- [user] [http-nio-8080-exec-3] com.btidab.user.service.StatService      : creating or checking if Stat data is present
2025-04-01T11:49:13.435+05:30  INFO 26074 --- [user] [http-nio-8080-exec-3] com.btidab.user.service.StatService      : saving stats data into database
2025-04-01T11:49:13.435+05:30  INFO 26074 --- [user] [http-nio-8080-exec-3] com.btidab.user.service.StatService      : getall incremented, count 13
2025-04-01T11:49:13.435+05:30  INFO 26074 --- [user] [http-nio-8080-exec-3] com.btidab.user.service.StatService      : creating or checking if Stat data is present
2025-04-01T11:49:13.442+05:30  INFO 26074 --- [user] [http-nio-8080-exec-3] com.btidab.user.service.StatService      : saving stats data into database
2025-04-01T11:49:13.442+05:30  INFO 26074 --- [user] [http-nio-8080-exec-3] com.btidab.user.service.StatService      : getall incremented, count 14
2025-04-01T11:49:13.442+05:30  INFO 26074 --- [user] [http-nio-8080-exec-3] com.btidab.user.service.UserService      : retreived alluser data
2025-04-01T11:49:18.703+05:30  INFO 26074 --- [user] [SpringApplicationShutdownHook] j.LocalContainerEntityManagerFactoryBean : Closing JPA EntityManagerFactory for persistence unit 'default'
2025-04-01T11:49:18.705+05:30  INFO 26074 --- [user] [SpringApplicationShutdownHook] com.zaxxer.hikari.HikariDataSource       : HikariPool-1 - Shutdown initiated...
2025-04-01T11:49:18.709+05:30  INFO 26074 --- [user] [SpringApplicationShutdownHook] com.zaxxer.hikari.HikariDataSource       : HikariPool-1 - Shutdown completed.
2025-04-01T12:36:32.052+05:30  INFO 29590 --- [user] [main] com.btidab.user.UserApplication          : Starting UserApplication using Java 21.0.6 with PID 29590 (/home/chiranshu/eclipse-workspace/SpringBoot/user/target/classes started by chiranshu in /home/chiranshu/eclipse-workspace/SpringBoot/user)
2025-04-01T12:36:32.054+05:30  INFO 29590 --- [user] [main] com.btidab.user.UserApplication          : No active profile set, falling back to 1 default profile: "default"
2025-04-01T12:36:32.527+05:30  INFO 29590 --- [user] [main] .s.d.r.c.RepositoryConfigurationDelegate : Bootstrapping Spring Data JPA repositories in DEFAULT mode.
2025-04-01T12:36:32.587+05:30  INFO 29590 --- [user] [main] .s.d.r.c.RepositoryConfigurationDelegate : Finished Spring Data repository scanning in 48 ms. Found 2 JPA repository interfaces.
2025-04-01T12:36:32.955+05:30  INFO 29590 --- [user] [main] o.s.b.w.embedded.tomcat.TomcatWebServer  : Tomcat initialized with port 8080 (http)
2025-04-01T12:36:32.966+05:30  INFO 29590 --- [user] [main] o.apache.catalina.core.StandardService   : Starting service [Tomcat]
2025-04-01T12:36:32.966+05:30  INFO 29590 --- [user] [main] o.apache.catalina.core.StandardEngine    : Starting Servlet engine: [Apache Tomcat/10.1.26]
2025-04-01T12:36:33.002+05:30  INFO 29590 --- [user] [main] o.a.c.c.C.[Tomcat].[localhost].[/]       : Initializing Spring embedded WebApplicationContext
2025-04-01T12:36:33.003+05:30  INFO 29590 --- [user] [main] w.s.c.ServletWebServerApplicationContext : Root WebApplicationContext: initialization completed in 918 ms
2025-04-01T12:36:33.118+05:30  INFO 29590 --- [user] [main] o.hibernate.jpa.internal.util.LogHelper  : HHH000204: Processing PersistenceUnitInfo [name: default]
2025-04-01T12:36:33.147+05:30  INFO 29590 --- [user] [main] org.hibernate.Version                    : HHH000412: Hibernate ORM core version 6.5.2.Final
2025-04-01T12:36:33.167+05:30  INFO 29590 --- [user] [main] o.h.c.internal.RegionFactoryInitiator    : HHH000026: Second-level cache disabled
2025-04-01T12:36:33.341+05:30  INFO 29590 --- [user] [main] o.s.o.j.p.SpringPersistenceUnitInfo      : No LoadTimeWeaver setup: ignoring JPA class transformer
2025-04-01T12:36:33.361+05:30  INFO 29590 --- [user] [main] com.zaxxer.hikari.HikariDataSource       : HikariPool-1 - Starting...
2025-04-01T12:36:33.628+05:30  INFO 29590 --- [user] [main] com.zaxxer.hikari.pool.HikariPool        : HikariPool-1 - Added connection com.mysql.cj.jdbc.ConnectionImpl@4756e5cc
2025-04-01T12:36:33.629+05:30  INFO 29590 --- [user] [main] com.zaxxer.hikari.HikariDataSource       : HikariPool-1 - Start completed.
2025-04-01T12:36:33.654+05:30  WARN 29590 --- [user] [main] org.hibernate.orm.deprecation            : HHH90000025: MySQL8Dialect does not need to be specified explicitly using 'hibernate.dialect' (remove the property setting and it will be selected by default)
2025-04-01T12:36:33.655+05:30  WARN 29590 --- [user] [main] org.hibernate.orm.deprecation            : HHH90000026: MySQL8Dialect has been deprecated; use org.hibernate.dialect.MySQLDialect instead
2025-04-01T12:36:34.094+05:30  INFO 29590 --- [user] [main] o.h.e.t.j.p.i.JtaPlatformInitiator       : HHH000489: No JTA platform available (set 'hibernate.transaction.jta.platform' to enable JTA platform integration)
2025-04-01T12:36:34.121+05:30  INFO 29590 --- [user] [main] j.LocalContainerEntityManagerFactoryBean : Initialized JPA EntityManagerFactory for persistence unit 'default'
2025-04-01T12:36:34.317+05:30  WARN 29590 --- [user] [main] JpaBaseConfiguration$JpaWebConfiguration : spring.jpa.open-in-view is enabled by default. Therefore, database queries may be performed during view rendering. Explicitly configure spring.jpa.open-in-view to disable this warning
2025-04-01T12:36:34.340+05:30  INFO 29590 --- [user] [main] r$InitializeUserDetailsManagerConfigurer : Global AuthenticationManager configured with UserDetailsService bean with name userDetailsService
2025-04-01T12:36:34.680+05:30  INFO 29590 --- [user] [main] o.s.b.w.embedded.tomcat.TomcatWebServer  : Tomcat started on port 8080 (http) with context path '/'
2025-04-01T12:36:34.687+05:30  INFO 29590 --- [user] [main] com.btidab.user.UserApplication          : Started UserApplication in 2.919 seconds (process running for 3.152)
2025-04-01T12:36:46.586+05:30  INFO 29590 --- [user] [http-nio-8080-exec-1] o.a.c.c.C.[Tomcat].[localhost].[/]       : Initializing Spring DispatcherServlet 'dispatcherServlet'
2025-04-01T12:36:46.587+05:30  INFO 29590 --- [user] [http-nio-8080-exec-1] o.s.web.servlet.DispatcherServlet        : Initializing Servlet 'dispatcherServlet'
2025-04-01T12:36:46.589+05:30  INFO 29590 --- [user] [http-nio-8080-exec-1] o.s.web.servlet.DispatcherServlet        : Completed initialization in 1 ms
2025-04-01T12:38:39.985+05:30  INFO 29877 --- [user] [main] com.btidab.user.UserApplication          : Starting UserApplication using Java 21.0.6 with PID 29877 (/home/chiranshu/eclipse-workspace/SpringBoot/user/target/classes started by chiranshu in /home/chiranshu/eclipse-workspace/SpringBoot/user)
2025-04-01T12:38:39.986+05:30  INFO 29877 --- [user] [main] com.btidab.user.UserApplication          : No active profile set, falling back to 1 default profile: "default"
2025-04-01T12:38:40.362+05:30  INFO 29877 --- [user] [main] .s.d.r.c.RepositoryConfigurationDelegate : Bootstrapping Spring Data JPA repositories in DEFAULT mode.
2025-04-01T12:38:40.418+05:30  INFO 29877 --- [user] [main] .s.d.r.c.RepositoryConfigurationDelegate : Finished Spring Data repository scanning in 45 ms. Found 2 JPA repository interfaces.
2025-04-01T12:38:40.819+05:30  INFO 29877 --- [user] [main] o.s.b.w.embedded.tomcat.TomcatWebServer  : Tomcat initialized with port 8080 (http)
2025-04-01T12:38:40.865+05:30  INFO 29877 --- [user] [main] w.s.c.ServletWebServerApplicationContext : Root WebApplicationContext: initialization completed in 852 ms
2025-04-01T12:38:40.988+05:30  INFO 29877 --- [user] [main] o.hibernate.jpa.internal.util.LogHelper  : HHH000204: Processing PersistenceUnitInfo [name: default]
2025-04-01T12:38:41.019+05:30  INFO 29877 --- [user] [main] org.hibernate.Version                    : HHH000412: Hibernate ORM core version 6.5.2.Final
2025-04-01T12:38:41.040+05:30  INFO 29877 --- [user] [main] o.h.c.internal.RegionFactoryInitiator    : HHH000026: Second-level cache disabled
2025-04-01T12:38:41.234+05:30  INFO 29877 --- [user] [main] o.s.o.j.p.SpringPersistenceUnitInfo      : No LoadTimeWeaver setup: ignoring JPA class transformer
2025-04-01T12:38:41.251+05:30  INFO 29877 --- [user] [main] com.zaxxer.hikari.HikariDataSource       : HikariPool-1 - Starting...
2025-04-01T12:38:41.486+05:30  INFO 29877 --- [user] [main] com.zaxxer.hikari.pool.HikariPool        : HikariPool-1 - Added connection com.mysql.cj.jdbc.ConnectionImpl@2b35c7aa
2025-04-01T12:38:41.488+05:30  INFO 29877 --- [user] [main] com.zaxxer.hikari.HikariDataSource       : HikariPool-1 - Start completed.
2025-04-01T12:38:41.515+05:30  WARN 29877 --- [user] [main] org.hibernate.orm.deprecation            : HHH90000025: MySQL8Dialect does not need to be specified explicitly using 'hibernate.dialect' (remove the property setting and it will be selected by default)
2025-04-01T12:38:41.516+05:30  WARN 29877 --- [user] [main] org.hibernate.orm.deprecation            : HHH90000026: MySQL8Dialect has been deprecated; use org.hibernate.dialect.MySQLDialect instead
2025-04-01T12:38:42.048+05:30  INFO 29877 --- [user] [main] o.h.e.t.j.p.i.JtaPlatformInitiator       : HHH000489: No JTA platform available (set 'hibernate.transaction.jta.platform' to enable JTA platform integration)
2025-04-01T12:38:42.078+05:30  INFO 29877 --- [user] [main] j.LocalContainerEntityManagerFactoryBean : Initialized JPA EntityManagerFactory for persistence unit 'default'
2025-04-01T12:38:42.282+05:30  WARN 29877 --- [user] [main] JpaBaseConfiguration$JpaWebConfiguration : spring.jpa.open-in-view is enabled by default. Therefore, database queries may be performed during view rendering. Explicitly configure spring.jpa.open-in-view to disable this warning
2025-04-01T12:38:42.301+05:30  INFO 29877 --- [user] [main] r$InitializeUserDetailsManagerConfigurer : Global AuthenticationManager configured with UserDetailsService bean with name userDetailsService
2025-04-01T12:38:42.640+05:30  WARN 29877 --- [user] [main] ConfigServletWebServerApplicationContext : Exception encountered during context initialization - cancelling refresh attempt: org.springframework.context.ApplicationContextException: Failed to start bean 'webServerStartStop'
2025-04-01T12:38:42.642+05:30  INFO 29877 --- [user] [main] j.LocalContainerEntityManagerFactoryBean : Closing JPA EntityManagerFactory for persistence unit 'default'
2025-04-01T12:38:42.644+05:30  INFO 29877 --- [user] [main] com.zaxxer.hikari.HikariDataSource       : HikariPool-1 - Shutdown initiated...
2025-04-01T12:38:42.650+05:30  INFO 29877 --- [user] [main] com.zaxxer.hikari.HikariDataSource       : HikariPool-1 - Shutdown completed.
2025-04-01T12:38:47.091+05:30  INFO 29590 --- [user] [SpringApplicationShutdownHook] j.LocalContainerEntityManagerFactoryBean : Closing JPA EntityManagerFactory for persistence unit 'default'
2025-04-01T12:38:47.093+05:30  INFO 29590 --- [user] [SpringApplicationShutdownHook] com.zaxxer.hikari.HikariDataSource       : HikariPool-1 - Shutdown initiated...
2025-04-01T12:38:47.097+05:30  INFO 29590 --- [user] [SpringApplicationShutdownHook] com.zaxxer.hikari.HikariDataSource       : HikariPool-1 - Shutdown completed.
2025-04-01T12:38:51.542+05:30  INFO 29943 --- [user] [main] com.btidab.user.UserApplication          : Starting UserApplication using Java 21.0.6 with PID 29943 (/home/chiranshu/eclipse-workspace/SpringBoot/user/target/classes started by chiranshu in /home/chiranshu/eclipse-workspace/SpringBoot/user)
2025-04-01T12:38:51.543+05:30  INFO 29943 --- [user] [main] com.btidab.user.UserApplication          : No active profile set, falling back to 1 default profile: "default"
2025-04-01T12:38:51.951+05:30  INFO 29943 --- [user] [main] .s.d.r.c.RepositoryConfigurationDelegate : Bootstrapping Spring Data JPA repositories in DEFAULT mode.
2025-04-01T12:38:52.003+05:30  INFO 29943 --- [user] [main] .s.d.r.c.RepositoryConfigurationDelegate : Finished Spring Data repository scanning in 46 ms. Found 2 JPA repository interfaces.
2025-04-01T12:38:52.381+05:30  INFO 29943 --- [user] [main] o.s.b.w.embedded.tomcat.TomcatWebServer  : Tomcat initialized with port 8080 (http)
2025-04-01T12:38:52.393+05:30  INFO 29943 --- [user] [main] o.apache.catalina.core.StandardService   : Starting service [Tomcat]
2025-04-01T12:38:52.393+05:30  INFO 29943 --- [user] [main] o.apache.catalina.core.StandardEngine    : Starting Servlet engine: [Apache Tomcat/10.1.26]
2025-04-01T12:38:52.431+05:30  INFO 29943 --- [user] [main] o.a.c.c.C.[Tomcat].[localhost].[/]       : Initializing Spring embedded WebApplicationContext
2025-04-01T12:38:52.432+05:30  INFO 29943 --- [user] [main] w.s.c.ServletWebServerApplicationContext : Root WebApplicationContext: initialization completed in 856 ms
2025-04-01T12:38:52.580+05:30  INFO 29943 --- [user] [main] o.hibernate.jpa.internal.util.LogHelper  : HHH000204: Processing PersistenceUnitInfo [name: default]
2025-04-01T12:38:52.610+05:30  INFO 29943 --- [user] [main] org.hibernate.Version                    : HHH000412: Hibernate ORM core version 6.5.2.Final
2025-04-01T12:38:52.629+05:30  INFO 29943 --- [user] [main] o.h.c.internal.RegionFactoryInitiator    : HHH000026: Second-level cache disabled
2025-04-01T12:38:52.805+05:30  INFO 29943 --- [user] [main] o.s.o.j.p.SpringPersistenceUnitInfo      : No LoadTimeWeaver setup: ignoring JPA class transformer
2025-04-01T12:38:52.819+05:30  INFO 29943 --- [user] [main] com.zaxxer.hikari.HikariDataSource       : HikariPool-1 - Starting...
2025-04-01T12:38:53.040+05:30  INFO 29943 --- [user] [main] com.zaxxer.hikari.pool.HikariPool        : HikariPool-1 - Added connection com.mysql.cj.jdbc.ConnectionImpl@4d4b019e
2025-04-01T12:38:53.041+05:30  INFO 29943 --- [user] [main] com.zaxxer.hikari.HikariDataSource       : HikariPool-1 - Start completed.
2025-04-01T12:38:53.068+05:30  WARN 29943 --- [user] [main] org.hibernate.orm.deprecation            : HHH90000025: MySQL8Dialect does not need to be specified explicitly using 'hibernate.dialect' (remove the property setting and it will be selected by default)
2025-04-01T12:38:53.069+05:30  WARN 29943 --- [user] [main] org.hibernate.orm.deprecation            : HHH90000026: MySQL8Dialect has been deprecated; use org.hibernate.dialect.MySQLDialect instead
2025-04-01T12:38:53.496+05:30  INFO 29943 --- [user] [main] o.h.e.t.j.p.i.JtaPlatformInitiator       : HHH000489: No JTA platform available (set 'hibernate.transaction.jta.platform' to enable JTA platform integration)
2025-04-01T12:38:53.524+05:30  INFO 29943 --- [user] [main] j.LocalContainerEntityManagerFactoryBean : Initialized JPA EntityManagerFactory for persistence unit 'default'
2025-04-01T12:38:53.712+05:30  WARN 29943 --- [user] [main] JpaBaseConfiguration$JpaWebConfiguration : spring.jpa.open-in-view is enabled by default. Therefore, database queries may be performed during view rendering. Explicitly configure spring.jpa.open-in-view to disable this warning
2025-04-01T12:38:53.734+05:30  INFO 29943 --- [user] [main] r$InitializeUserDetailsManagerConfigurer : Global AuthenticationManager configured with UserDetailsService bean with name userDetailsService
2025-04-01T12:38:54.041+05:30  INFO 29943 --- [user] [main] o.s.b.w.embedded.tomcat.TomcatWebServer  : Tomcat started on port 8080 (http) with context path '/'
2025-04-01T12:38:54.048+05:30  INFO 29943 --- [user] [main] com.btidab.user.UserApplication          : Started UserApplication in 2.745 seconds (process running for 2.936)
2025-04-01T12:39:00.801+05:30  INFO 29943 --- [user] [http-nio-8080-exec-1] o.a.c.c.C.[Tomcat].[localhost].[/]       : Initializing Spring DispatcherServlet 'dispatcherServlet'
2025-04-01T12:39:00.801+05:30  INFO 29943 --- [user] [http-nio-8080-exec-1] o.s.web.servlet.DispatcherServlet        : Initializing Servlet 'dispatcherServlet'
2025-04-01T12:39:00.802+05:30  INFO 29943 --- [user] [http-nio-8080-exec-1] o.s.web.servlet.DispatcherServlet        : Completed initialization in 1 ms
2025-04-01T12:39:28.982+05:30  INFO 29943 --- [user] [SpringApplicationShutdownHook] j.LocalContainerEntityManagerFactoryBean : Closing JPA EntityManagerFactory for persistence unit 'default'
2025-04-01T12:39:28.983+05:30  INFO 29943 --- [user] [SpringApplicationShutdownHook] com.zaxxer.hikari.HikariDataSource       : HikariPool-1 - Shutdown initiated...
2025-04-01T12:39:28.990+05:30  INFO 29943 --- [user] [SpringApplicationShutdownHook] com.zaxxer.hikari.HikariDataSource       : HikariPool-1 - Shutdown completed.
2025-04-01T12:42:57.918+05:30  INFO 30664 --- [user] [main] com.btidab.user.UserApplication          : Starting UserApplication using Java 21.0.6 with PID 30664 (/home/chiranshu/eclipse-workspace/SpringBoot/user/target/classes started by chiranshu in /home/chiranshu/eclipse-workspace/SpringBoot/user)
2025-04-01T12:42:57.920+05:30  INFO 30664 --- [user] [main] com.btidab.user.UserApplication          : No active profile set, falling back to 1 default profile: "default"
2025-04-01T12:42:58.360+05:30  INFO 30664 --- [user] [main] .s.d.r.c.RepositoryConfigurationDelegate : Bootstrapping Spring Data JPA repositories in DEFAULT mode.
2025-04-01T12:42:58.411+05:30  INFO 30664 --- [user] [main] .s.d.r.c.RepositoryConfigurationDelegate : Finished Spring Data repository scanning in 40 ms. Found 2 JPA repository interfaces.
2025-04-01T12:42:58.834+05:30  INFO 30664 --- [user] [main] o.s.b.w.embedded.tomcat.TomcatWebServer  : Tomcat initialized with port 8080 (http)
2025-04-01T12:42:58.846+05:30  INFO 30664 --- [user] [main] o.apache.catalina.core.StandardService   : Starting service [Tomcat]
2025-04-01T12:42:58.847+05:30  INFO 30664 --- [user] [main] o.apache.catalina.core.StandardEngine    : Starting Servlet engine: [Apache Tomcat/10.1.26]
2025-04-01T12:42:58.884+05:30  INFO 30664 --- [user] [main] o.a.c.c.C.[Tomcat].[localhost].[/]       : Initializing Spring embedded WebApplicationContext
2025-04-01T12:42:58.885+05:30  INFO 30664 --- [user] [main] w.s.c.ServletWebServerApplicationContext : Root WebApplicationContext: initialization completed in 937 ms
2025-04-01T12:42:59.031+05:30  INFO 30664 --- [user] [main] o.hibernate.jpa.internal.util.LogHelper  : HHH000204: Processing PersistenceUnitInfo [name: default]
2025-04-01T12:42:59.063+05:30  INFO 30664 --- [user] [main] org.hibernate.Version                    : HHH000412: Hibernate ORM core version 6.5.2.Final
2025-04-01T12:42:59.084+05:30  INFO 30664 --- [user] [main] o.h.c.internal.RegionFactoryInitiator    : HHH000026: Second-level cache disabled
2025-04-01T12:42:59.282+05:30  INFO 30664 --- [user] [main] o.s.o.j.p.SpringPersistenceUnitInfo      : No LoadTimeWeaver setup: ignoring JPA class transformer
2025-04-01T12:42:59.297+05:30  INFO 30664 --- [user] [main] com.zaxxer.hikari.HikariDataSource       : HikariPool-1 - Starting...
2025-04-01T12:42:59.509+05:30  INFO 30664 --- [user] [main] com.zaxxer.hikari.pool.HikariPool        : HikariPool-1 - Added connection com.mysql.cj.jdbc.ConnectionImpl@134d7ffa
2025-04-01T12:42:59.511+05:30  INFO 30664 --- [user] [main] com.zaxxer.hikari.HikariDataSource       : HikariPool-1 - Start completed.
2025-04-01T12:42:59.534+05:30  WARN 30664 --- [user] [main] org.hibernate.orm.deprecation            : HHH90000025: MySQL8Dialect does not need to be specified explicitly using 'hibernate.dialect' (remove the property setting and it will be selected by default)
2025-04-01T12:42:59.535+05:30  WARN 30664 --- [user] [main] org.hibernate.orm.deprecation            : HHH90000026: MySQL8Dialect has been deprecated; use org.hibernate.dialect.MySQLDialect instead
2025-04-01T12:42:59.973+05:30  INFO 30664 --- [user] [main] o.h.e.t.j.p.i.JtaPlatformInitiator       : HHH000489: No JTA platform available (set 'hibernate.transaction.jta.platform' to enable JTA platform integration)
2025-04-01T12:42:59.999+05:30  INFO 30664 --- [user] [main] j.LocalContainerEntityManagerFactoryBean : Initialized JPA EntityManagerFactory for persistence unit 'default'
2025-04-01T12:43:00.235+05:30  WARN 30664 --- [user] [main] JpaBaseConfiguration$JpaWebConfiguration : spring.jpa.open-in-view is enabled by default. Therefore, database queries may be performed during view rendering. Explicitly configure spring.jpa.open-in-view to disable this warning
2025-04-01T12:43:00.257+05:30  INFO 30664 --- [user] [main] r$InitializeUserDetailsManagerConfigurer : Global AuthenticationManager configured with UserDetailsService bean with name userDetailsService
2025-04-01T12:43:00.648+05:30  INFO 30664 --- [user] [main] o.s.b.w.embedded.tomcat.TomcatWebServer  : Tomcat started on port 8080 (http) with context path '/'
2025-04-01T12:43:00.655+05:30  INFO 30664 --- [user] [main] com.btidab.user.UserApplication          : Started UserApplication in 3.009 seconds (process running for 3.192)
2025-04-01T12:43:12.955+05:30  INFO 30664 --- [user] [http-nio-8080-exec-1] o.a.c.c.C.[Tomcat].[localhost].[/]       : Initializing Spring DispatcherServlet 'dispatcherServlet'
2025-04-01T12:43:12.955+05:30  INFO 30664 --- [user] [http-nio-8080-exec-1] o.s.web.servlet.DispatcherServlet        : Initializing Servlet 'dispatcherServlet'
2025-04-01T12:43:12.957+05:30  INFO 30664 --- [user] [http-nio-8080-exec-1] o.s.web.servlet.DispatcherServlet        : Completed initialization in 2 ms
